14:01:12 **** Build of configuration Debug for project pmod_color_project ****
make all 
make --no-print-directory pre-build
a9-linaro-pre-build-step
 
make --no-print-directory main-build
Building file: ../src/zynq_ps_main_c.c
Invoking: ARM v7 gcc compiler
arm-none-eabi-gcc -Wall -O0 -g3 -c -fmessage-length=0 -MT"src/zynq_ps_main_c.o" -mcpu=cortex-a9 -mfpu=vfpv3 -mfloat-abi=hard -I/home/abe447/workspace/ece520/final_project/software/pmod_color_ip_block_wrapper/export/pmod_color_ip_block_wrapper/sw/pmod_color_ip_block_wrapper/standalone_ps7_cortexa9_0/bspinclude/include -MMD -MP -MF"src/zynq_ps_main_c.d" -MT"src/zynq_ps_main_c.o" -o "src/zynq_ps_main_c.o" "../src/zynq_ps_main_c.c"
../src/zynq_ps_main_c.c: In function 'DemoRun':
../src/zynq_ps_main_c.c:49:5: warning: unused variable 'ID' [-Wunused-variable]
   49 |  u8 ID, buf[1];
      |     ^~
Finished building: ../src/zynq_ps_main_c.c
 
Building target: pmod_color_project.elf
Invoking: ARM v7 gcc linker
arm-none-eabi-gcc -mcpu=cortex-a9 -mfpu=vfpv3 -mfloat-abi=hard -Wl,-build-id=none -specs=Xilinx.spec -Wl,-T -Wl,../src/lscript.ld -L/home/abe447/workspace/ece520/final_project/software/pmod_color_ip_block_wrapper/export/pmod_color_ip_block_wrapper/sw/pmod_color_ip_block_wrapper/standalone_ps7_cortexa9_0/bsplib/lib -o "pmod_color_project.elf"  ./src/zynq_ps_main_c.o   -Wl,--start-group,-lxil,-lgcc,-lc,--end-group
Finished building target: pmod_color_project.elf
 
Invoking: ARM v7 Print Size
arm-none-eabi-size pmod_color_project.elf  |tee "pmod_color_project.elf.size"
   text	   data	    bss	    dec	    hex	filename
  29914	   1176	  22760	  53850	   d25a	pmod_color_project.elf
Finished building: pmod_color_project.elf.size
 

14:01:12 Build Finished (took 778ms)

